
> client@0.1.0 build
> next build

node.exe : ΓÜá `eslint` 
configuration in 
next.config.ts is no longer 
supported. See more info 
here: https://nextjs.org/doc
s/app/api-reference/cli/next
#next-lint-options
At line:1 char:1
+ & "C:\Program 
Files\nodejs/node.exe" 
"C:\Program 
Files\nodejs/node_mo ...
+ ~~~~~~~~~~~~~~~~~~~~~~~~~~
~~~~~~~~~~~~~~~~~~~~~~~~~~~~
~~~~~~~~~~~~~~~
    + CategoryInfo          
    : NotSpecified: (ΓÜá `  
  eslint` co...xt-lint-op   
 tions:String) [], Remot    
eException
    + FullyQualifiedErrorId 
    : NativeCommandError
 
ΓÜá Invalid next.config.ts 
options detected: 
ΓÜá     Unrecognized key(s) 
in object: 'eslint'
ΓÜá See more info here: http
s://nextjs.org/docs/messages
/invalid-next-config
Γû▓ Next.js 16.1.1 (Turbopack)
- Environments: .env.local

  Creating an optimized production build ...
Γ£ô Compiled successfully in 6.9s
  Running TypeScript ...
Failed to compile.

.next/types/validator.ts:234
:31
Type error: Type 'typeof 
import("E:/GMB Review CRM/cl
ient/src/app/api/business/[i
d]/gmb-locations/route")' 
does not satisfy the 
constraint 'RouteHandlerConf
ig<"/api/business/[id]/gmb-l
ocations">'.
  Types of property 'GET' 
are incompatible.
    Type '(request: 
NextRequest, { params }: { 
params: { id: string; }; }) 
=> Promise<NextResponse<{ 
locations: never[]; }> | 
NextResponse<{ locations: 
any[]; count: number; }> | 
NextResponse<...>>' is not 
assignable to type 
'(request: NextRequest, 
context: { params: 
Promise<{ id: string; }>; 
}) => void | Response | 
Promise<void | Response>'.
      Types of parameters 
'__1' and 'context' are 
incompatible.
        Type '{ params: 
Promise<{ id: string; }>; 
}' is not assignable to 
type '{ params: { id: 
string; }; }'.
          Types of property 
'params' are incompatible.
            Property 'id' 
is missing in type 
'Promise<{ id: string; }>' 
but required in type '{ id: 
string; }'.

[0m [90m 232 |[39m   
type __IsExpected[33m<[39m
[33mSpecific[39m 
[36mextends[39m [33mRoute
HandlerConfig[39m[33m<[39
m[32m"/api/business/[id]/gm
b-locations"[39m[33m>>[39
m [33m=[39m 
[33mSpecific[39m
 [90m 233 |[39m   
[36mconst[39m handler 
[33m=[39m {} [36mas[39m 
[36mtypeof[39m [36mimport
[39m([32m"../../src/app/ap
i/business/[id]/gmb-location
s/route.js"[39m)
[31m[1m>[22m[39m[90m 
234 |[39m   type __Check 
[33m=[39m __IsExpected[33
m<[39m[36mtypeof[39m 
handler[33m>[39m
 [90m     |[39m           
                    
[31m[1m^[22m[39m
 [90m 235 |[39m   [90m// 
@ts-ignore[39m
 [90m 236 |[39m   type 
__Unused [33m=[39m __Check
 [90m 237 |[39m }[0m
Next.js build worker exited 
with code: 1 and signal: 
null
